2026-06-19 19:03:35 [INFO    ] MathApp: ============================================================
2026-06-19 19:03:35 [INFO    ] MathApp: Math Learning App starting up
2026-06-19 19:03:35 [DEBUG   ] utils.file_io: read_json: file not found, returning {}: /Users/lason2057/PycharmProjects/Math_Tutor_App/data/progress.json
2026-06-19 19:03:35 [INFO    ] utils.file_io: First launch — creating default progress.json
2026-06-19 19:03:35 [DEBUG   ] utils.file_io: write_json: saved /Users/lason2057/PycharmProjects/Math_Tutor_App/data/progress.json
2026-06-19 19:03:35 [DEBUG   ] utils.file_io: write_json: saved /Users/lason2057/PycharmProjects/Math_Tutor_App/data/session_log.json
2026-06-19 19:03:36 [INFO    ] core.progress_tracker: Progress loaded for student: ''
2026-06-19 19:03:36 [INFO    ] core.session_manager: SessionManager initialised
2026-06-19 19:03:36 [INFO    ] gui.app_root: Navigated to screen: welcome
2026-06-19 19:03:36 [INFO    ] gui.app_root: AppRoot initialised — showing welcome screen
2026-06-19 19:03:36 [INFO    ] MathApp: Entering main loop
2026-06-19 19:04:55 [INFO    ] gui.app_root: Window closing — saving progress
2026-06-19 19:04:55 [DEBUG   ] utils.file_io: write_json: saved /Users/lason2057/PycharmProjects/Math_Tutor_App/data/progress.json
2026-06-19 19:04:55 [DEBUG   ] core.progress_tracker: Progress saved.
2026-06-19 19:04:55 [INFO    ] MathApp: App exited cleanly
2026-06-19 19:13:34 [INFO    ] MathApp: ============================================================
2026-06-19 19:13:34 [INFO    ] MathApp: Math Learning App starting up
2026-06-19 19:13:35 [INFO    ] core.progress_tracker: Progress loaded for student: ''
2026-06-19 19:13:35 [INFO    ] core.session_manager: SessionManager initialised
2026-06-19 19:13:35 [INFO    ] gui.app_root: Navigated to screen: welcome
2026-06-19 19:13:35 [INFO    ] gui.app_root: AppRoot initialised — showing welcome screen
2026-06-19 19:13:35 [INFO    ] MathApp: Entering main loop
2026-06-20 11:29:12 [INFO    ] gui.app_root: Window closing — saving progress
2026-06-20 11:29:12 [DEBUG   ] utils.file_io: write_json: saved /Users/lason2057/PycharmProjects/Math_Tutor_App/data/progress.json
2026-06-20 11:29:12 [DEBUG   ] core.progress_tracker: Progress saved.
2026-06-20 11:29:12 [INFO    ] MathApp: App exited cleanly
2026-06-20 11:32:43 [INFO    ] MathApp: ============================================================
2026-06-20 11:32:43 [INFO    ] MathApp: Math Learning App starting up
2026-06-20 11:32:44 [INFO    ] core.progress_tracker: Progress loaded for student: ''
2026-06-20 11:32:44 [INFO    ] core.session_manager: SessionManager initialised
2026-06-20 11:32:44 [INFO    ] gui.app_root: Navigated to screen: welcome
2026-06-20 11:32:44 [INFO    ] gui.app_root: AppRoot initialised — showing welcome screen
2026-06-20 11:32:44 [INFO    ] MathApp: Entering main loop
2026-06-20 11:33:02 [INFO    ] MathApp: ============================================================
2026-06-20 11:33:02 [INFO    ] MathApp: Math Learning App starting up
2026-06-20 11:33:03 [INFO    ] core.progress_tracker: Progress loaded for student: ''
2026-06-20 11:33:03 [INFO    ] core.session_manager: SessionManager initialised
2026-06-20 11:33:03 [INFO    ] gui.app_root: Navigated to screen: welcome
2026-06-20 11:33:03 [INFO    ] gui.app_root: AppRoot initialised — showing welcome screen
2026-06-20 11:33:03 [INFO    ] MathApp: Entering main loop
2026-06-20 11:33:09 [INFO    ] gui.app_root: Window closing — saving progress
2026-06-20 11:33:09 [DEBUG   ] utils.file_io: write_json: saved /Users/lason2057/PycharmProjects/Math_Tutor_App/data/progress.json
2026-06-20 11:33:09 [DEBUG   ] core.progress_tracker: Progress saved.
2026-06-20 11:33:09 [INFO    ] MathApp: App exited cleanly
2026-06-20 11:34:02 [INFO    ] MathApp: ============================================================
2026-06-20 11:34:02 [INFO    ] MathApp: Math Learning App starting up
2026-06-20 11:34:02 [INFO    ] core.progress_tracker: Progress loaded for student: ''
2026-06-20 11:34:02 [INFO    ] core.session_manager: SessionManager initialised
2026-06-20 11:34:02 [INFO    ] gui.app_root: Navigated to screen: welcome
2026-06-20 11:34:02 [INFO    ] gui.app_root: AppRoot initialised — showing welcome screen
2026-06-20 11:34:02 [INFO    ] MathApp: Entering main loop
2026-06-20 11:34:17 [DEBUG   ] utils.file_io: write_json: saved /Users/lason2057/PycharmProjects/Math_Tutor_App/data/progress.json
2026-06-20 11:34:17 [DEBUG   ] core.progress_tracker: Progress saved.
2026-06-20 11:34:17 [INFO    ] gui.screens.welcome_screen: New student started: Kyle
2026-06-20 11:34:17 [INFO    ] gui.app_root: Navigated to screen: home
2026-06-20 11:34:19 [ERROR   ] gui.app_root: show_screen: failed to load 'topic': No module named 'gui.screens.topic_screen'
Traceback (most recent call last):
  File "/Users/lason2057/PycharmProjects/Math_Tutor_App/gui/app_root.py", line 123, in show_screen
    ScreenClass = factory()
  File "/Users/lason2057/PycharmProjects/Math_Tutor_App/gui/app_root.py", line 150, in _import_topic
    from gui.screens.topic_screen import TopicScreen
ModuleNotFoundError: No module named 'gui.screens.topic_screen'
2026-06-20 11:34:23 [INFO    ] gui.app_root: Navigated to screen: home
2026-06-20 11:34:47 [INFO    ] gui.app_root: Window closing — saving progress
2026-06-20 11:34:47 [DEBUG   ] utils.file_io: write_json: saved /Users/lason2057/PycharmProjects/Math_Tutor_App/data/progress.json
2026-06-20 11:34:47 [DEBUG   ] core.progress_tracker: Progress saved.
2026-06-20 11:34:47 [INFO    ] MathApp: App exited cleanly
2026-06-20 11:36:14 [INFO    ] MathApp: ============================================================
2026-06-20 11:36:14 [INFO    ] MathApp: Math Learning App starting up
2026-06-20 11:36:14 [INFO    ] core.progress_tracker: Progress loaded for student: 'Kyle'
2026-06-20 11:36:14 [INFO    ] core.session_manager: SessionManager initialised
2026-06-20 11:36:14 [INFO    ] gui.app_root: Navigated to screen: welcome
2026-06-20 11:36:14 [INFO    ] gui.app_root: AppRoot initialised — showing welcome screen
2026-06-20 11:36:14 [INFO    ] MathApp: Entering main loop
2026-06-20 11:36:23 [DEBUG   ] utils.file_io: write_json: saved /Users/lason2057/PycharmProjects/Math_Tutor_App/data/progress.json
2026-06-20 11:36:23 [DEBUG   ] core.progress_tracker: Progress saved.
2026-06-20 11:36:23 [INFO    ] gui.app_root: Navigated to screen: welcome
2026-06-20 11:36:42 [DEBUG   ] utils.file_io: write_json: saved /Users/lason2057/PycharmProjects/Math_Tutor_App/data/progress.json
2026-06-20 11:36:42 [DEBUG   ] core.progress_tracker: Progress saved.
2026-06-20 11:36:42 [INFO    ] gui.screens.welcome_screen: New student started: Dennis
2026-06-20 11:36:42 [INFO    ] gui.app_root: Navigated to screen: home
2026-06-20 11:39:05 [INFO    ] gui.app_root: Window closing — saving progress
2026-06-20 11:39:05 [DEBUG   ] utils.file_io: write_json: saved /Users/lason2057/PycharmProjects/Math_Tutor_App/data/progress.json
2026-06-20 11:39:05 [DEBUG   ] core.progress_tracker: Progress saved.
2026-06-20 11:39:05 [INFO    ] MathApp: App exited cleanly
2026-06-20 11:46:48 [INFO    ] MathApp: ============================================================
2026-06-20 11:46:48 [INFO    ] MathApp: Math Learning App starting up
2026-06-20 11:46:50 [INFO    ] core.progress_tracker: Progress loaded for student: 'Dennis'
2026-06-20 11:46:50 [INFO    ] core.session_manager: SessionManager initialised
2026-06-20 11:46:50 [INFO    ] gui.app_root: Navigated to screen: welcome
2026-06-20 11:46:50 [INFO    ] gui.app_root: AppRoot initialised — showing welcome screen
2026-06-20 11:46:50 [INFO    ] MathApp: Entering main loop
2026-06-20 11:46:55 [INFO    ] gui.app_root: Navigated to screen: home
2026-06-20 11:46:58 [ERROR   ] gui.app_root: show_screen: failed to load 'topic': cannot import name 'TopicScreen' from 'gui.screens.topic_screen' (/Users/lason2057/PycharmProjects/Math_Tutor_App/gui/screens/topic_screen.py)
Traceback (most recent call last):
  File "/Users/lason2057/PycharmProjects/Math_Tutor_App/gui/app_root.py", line 123, in show_screen
    ScreenClass = factory()
  File "/Users/lason2057/PycharmProjects/Math_Tutor_App/gui/app_root.py", line 150, in _import_topic
    from gui.screens.topic_screen import TopicScreen
ImportError: cannot import name 'TopicScreen' from 'gui.screens.topic_screen' (/Users/lason2057/PycharmProjects/Math_Tutor_App/gui/screens/topic_screen.py)
2026-06-20 11:47:02 [INFO    ] gui.app_root: Navigated to screen: home
2026-06-20 11:47:04 [ERROR   ] gui.app_root: show_screen: failed to load 'progress': No module named 'gui.screens.progress_screen'
Traceback (most recent call last):
  File "/Users/lason2057/PycharmProjects/Math_Tutor_App/gui/app_root.py", line 123, in show_screen
    ScreenClass = factory()
  File "/Users/lason2057/PycharmProjects/Math_Tutor_App/gui/app_root.py", line 170, in _import_progress
    from gui.screens.progress_screen import ProgressScreen
ModuleNotFoundError: No module named 'gui.screens.progress_screen'
2026-06-20 11:47:05 [INFO    ] gui.app_root: Navigated to screen: home
2026-06-20 11:47:41 [INFO    ] gui.app_root: Window closing — saving progress
2026-06-20 11:47:41 [DEBUG   ] utils.file_io: write_json: saved /Users/lason2057/PycharmProjects/Math_Tutor_App/data/progress.json
2026-06-20 11:47:41 [DEBUG   ] core.progress_tracker: Progress saved.
2026-06-20 11:47:41 [INFO    ] MathApp: App exited cleanly
